2026-04-07 05:45:50,490 | INFO | 
Initiating cross validation...
2026-04-07 05:45:50,577 | INFO | Progress: (1/260) | Database: normal | KDE model: gaussian_rot_robust
2026-04-07 05:45:52,694 | INFO | Progress: (2/260) | Database: normal | KDE model: gaussian_rot
2026-04-07 05:45:54,434 | INFO | Progress: (3/260) | Database: normal | KDE model: epanechnikov_rot_robust
2026-04-07 05:45:55,753 | INFO | Progress: (4/260) | Database: normal | KDE model: epanechnikov_rot
2026-04-07 05:45:56,829 | INFO | Progress: (5/260) | Database: normal | KDE model: gaussian_cross_validate_loo
2026-04-07 05:45:58,706 | INFO | Progress: (6/260) | Database: normal | KDE model: t-student_cross_validate_df=3_loo
2026-04-07 05:46:00,617 | INFO | Progress: (7/260) | Database: normal | KDE model: t-student_cross_validate_df=4_loo
2026-04-07 05:46:02,446 | INFO | Progress: (8/260) | Database: normal | KDE model: t-student_cross_validate_df=5_loo
2026-04-07 05:46:05,325 | INFO | Progress: (9/260) | Database: normal | KDE model: gaussian_adaptive
2026-04-07 05:46:07,624 | INFO | Progress: (10/260) | Database: normal | KDE model: epanechnikov_adaptive
2026-04-07 05:46:10,480 | INFO | Progress: (11/260) | Database: normal | KDE model: t-student_adaptive_df=3
2026-04-07 05:46:12,501 | INFO | Progress: (12/260) | Database: normal | KDE model: t-student_adaptive_df=4
2026-04-07 05:46:14,680 | INFO | Progress: (13/260) | Database: normal | KDE model: t-student_adaptive_df=5
2026-04-07 05:46:16,858 | INFO | Progress: (14/260) | Database: normal | KDE model: gaussian_rot_robust
2026-04-07 05:46:18,614 | INFO | Progress: (15/260) | Database: normal | KDE model: gaussian_rot
2026-04-07 05:46:20,115 | INFO | Progress: (16/260) | Database: normal | KDE model: epanechnikov_rot_robust
2026-04-07 05:46:21,829 | INFO | Progress: (17/260) | Database: normal | KDE model: epanechnikov_rot
2026-04-07 05:46:23,644 | INFO | Progress: (18/260) | Database: normal | KDE model: gaussian_cross_validate_loo
2026-04-07 05:46:25,301 | INFO | Progress: (19/260) | Database: normal | KDE model: t-student_cross_validate_df=3_loo
2026-04-07 05:46:26,999 | INFO | Progress: (20/260) | Database: normal | KDE model: t-student_cross_validate_df=4_loo
2026-04-07 05:46:28,654 | INFO | Progress: (21/260) | Database: normal | KDE model: t-student_cross_validate_df=5_loo
2026-04-07 05:46:30,035 | INFO | Progress: (22/260) | Database: normal | KDE model: gaussian_adaptive
2026-04-07 05:46:31,745 | INFO | Progress: (23/260) | Database: normal | KDE model: epanechnikov_adaptive
2026-04-07 05:46:33,572 | INFO | Progress: (24/260) | Database: normal | KDE model: t-student_adaptive_df=3
2026-04-07 05:46:35,467 | INFO | Progress: (25/260) | Database: normal | KDE model: t-student_adaptive_df=4
2026-04-07 05:46:36,928 | INFO | Progress: (26/260) | Database: normal | KDE model: t-student_adaptive_df=5
2026-04-07 05:46:38,650 | INFO | Progress: (27/260) | Database: normal | KDE model: gaussian_rot_robust
2026-04-07 05:46:40,604 | INFO | Progress: (28/260) | Database: normal | KDE model: gaussian_rot
2026-04-07 05:46:42,603 | INFO | Progress: (29/260) | Database: normal | KDE model: epanechnikov_rot_robust
2026-04-07 05:46:44,571 | INFO | Progress: (30/260) | Database: normal | KDE model: epanechnikov_rot
2026-04-07 05:46:47,214 | INFO | Progress: (31/260) | Database: normal | KDE model: gaussian_cross_validate_loo
2026-04-07 05:46:49,210 | INFO | Progress: (32/260) | Database: normal | KDE model: t-student_cross_validate_df=3_loo
2026-04-07 05:46:51,349 | INFO | Progress: (33/260) | Database: normal | KDE model: t-student_cross_validate_df=4_loo
2026-04-07 05:46:53,377 | INFO | Progress: (34/260) | Database: normal | KDE model: t-student_cross_validate_df=5_loo
2026-04-07 05:46:55,345 | INFO | Progress: (35/260) | Database: normal | KDE model: gaussian_adaptive
2026-04-07 05:46:56,987 | INFO | Progress: (36/260) | Database: normal | KDE model: epanechnikov_adaptive
2026-04-07 05:46:59,128 | INFO | Progress: (37/260) | Database: normal | KDE model: t-student_adaptive_df=3
2026-04-07 05:47:01,568 | INFO | Progress: (38/260) | Database: normal | KDE model: t-student_adaptive_df=4
2026-04-07 05:47:03,491 | INFO | Progress: (39/260) | Database: normal | KDE model: t-student_adaptive_df=5
2026-04-07 05:47:05,512 | INFO | Progress: (40/260) | Database: normal | KDE model: gaussian_rot_robust
2026-04-07 05:47:06,574 | INFO | Progress: (41/260) | Database: normal | KDE model: gaussian_rot
2026-04-07 05:47:07,654 | INFO | Progress: (42/260) | Database: normal | KDE model: epanechnikov_rot_robust
2026-04-07 05:47:09,648 | INFO | Progress: (43/260) | Database: normal | KDE model: epanechnikov_rot
2026-04-07 05:47:11,546 | INFO | Progress: (44/260) | Database: normal | KDE model: gaussian_cross_validate_loo
2026-04-07 05:47:13,003 | INFO | Progress: (45/260) | Database: normal | KDE model: t-student_cross_validate_df=3_loo
2026-04-07 05:47:14,374 | INFO | Progress: (46/260) | Database: normal | KDE model: t-student_cross_validate_df=4_loo
2026-04-07 05:47:16,231 | INFO | Progress: (47/260) | Database: normal | KDE model: t-student_cross_validate_df=5_loo
2026-04-07 05:47:17,923 | INFO | Progress: (48/260) | Database: normal | KDE model: gaussian_adaptive
2026-04-07 05:47:18,875 | INFO | Progress: (49/260) | Database: normal | KDE model: epanechnikov_adaptive
2026-04-07 05:47:20,680 | INFO | Progress: (50/260) | Database: normal | KDE model: t-student_adaptive_df=3
2026-04-07 05:47:21,798 | INFO | Progress: (51/260) | Database: normal | KDE model: t-student_adaptive_df=4
2026-04-07 05:47:23,327 | INFO | Progress: (52/260) | Database: normal | KDE model: t-student_adaptive_df=5
2026-04-07 05:47:24,610 | INFO | Progress: (53/260) | Database: normal | KDE model: gaussian_rot_robust
2026-04-07 05:47:27,248 | INFO | Progress: (54/260) | Database: normal | KDE model: gaussian_rot
2026-04-07 05:47:30,801 | INFO | Progress: (55/260) | Database: normal | KDE model: epanechnikov_rot_robust
2026-04-07 05:47:34,224 | INFO | Progress: (56/260) | Database: normal | KDE model: epanechnikov_rot
2026-04-07 05:47:38,280 | INFO | Progress: (57/260) | Database: normal | KDE model: gaussian_cross_validate_loo
2026-04-07 05:47:41,518 | INFO | Progress: (58/260) | Database: normal | KDE model: t-student_cross_validate_df=3_loo
2026-04-07 05:47:44,859 | INFO | Progress: (59/260) | Database: normal | KDE model: t-student_cross_validate_df=4_loo
2026-04-07 05:47:48,013 | INFO | Progress: (60/260) | Database: normal | KDE model: t-student_cross_validate_df=5_loo
2026-04-07 05:47:51,811 | INFO | Progress: (61/260) | Database: normal | KDE model: gaussian_adaptive
2026-04-07 05:47:55,589 | INFO | Progress: (62/260) | Database: normal | KDE model: epanechnikov_adaptive
2026-04-07 05:47:57,931 | INFO | Progress: (63/260) | Database: normal | KDE model: t-student_adaptive_df=3
2026-04-07 05:48:00,849 | INFO | Progress: (64/260) | Database: normal | KDE model: t-student_adaptive_df=4
2026-04-07 05:48:03,976 | INFO | Progress: (65/260) | Database: normal | KDE model: t-student_adaptive_df=5
2026-04-07 05:48:07,599 | INFO | Progress: (66/260) | Database: normal | KDE model: gaussian_rot_robust
2026-04-07 05:48:08,848 | INFO | Progress: (67/260) | Database: normal | KDE model: gaussian_rot
2026-04-07 05:48:10,496 | INFO | Progress: (68/260) | Database: normal | KDE model: epanechnikov_rot_robust
2026-04-07 05:48:11,862 | INFO | Progress: (69/260) | Database: normal | KDE model: epanechnikov_rot
2026-04-07 05:48:13,483 | INFO | Progress: (70/260) | Database: normal | KDE model: gaussian_cross_validate_loo
2026-04-07 05:48:14,756 | INFO | Progress: (71/260) | Database: normal | KDE model: t-student_cross_validate_df=3_loo
2026-04-07 05:48:15,950 | INFO | Progress: (72/260) | Database: normal | KDE model: t-student_cross_validate_df=4_loo
2026-04-07 05:48:17,156 | INFO | Progress: (73/260) | Database: normal | KDE model: t-student_cross_validate_df=5_loo
2026-04-07 05:48:18,367 | INFO | Progress: (74/260) | Database: normal | KDE model: gaussian_adaptive
2026-04-07 05:48:20,711 | INFO | Progress: (75/260) | Database: normal | KDE model: epanechnikov_adaptive
2026-04-07 05:48:23,777 | INFO | Progress: (76/260) | Database: normal | KDE model: t-student_adaptive_df=3
2026-04-07 05:48:24,975 | INFO | Progress: (77/260) | Database: normal | KDE model: t-student_adaptive_df=4
2026-04-07 05:48:26,145 | INFO | Progress: (78/260) | Database: normal | KDE model: t-student_adaptive_df=5
2026-04-07 05:48:27,360 | INFO | Progress: (79/260) | Database: normal | KDE model: gaussian_rot_robust
2026-04-07 05:48:29,478 | INFO | Progress: (80/260) | Database: normal | KDE model: gaussian_rot
2026-04-07 05:48:31,343 | INFO | Progress: (81/260) | Database: normal | KDE model: epanechnikov_rot_robust
2026-04-07 05:48:33,338 | INFO | Progress: (82/260) | Database: normal | KDE model: epanechnikov_rot
2026-04-07 05:48:35,184 | INFO | Progress: (83/260) | Database: normal | KDE model: gaussian_cross_validate_loo
2026-04-07 05:48:37,476 | INFO | Progress: (84/260) | Database: normal | KDE model: t-student_cross_validate_df=3_loo
2026-04-07 05:48:39,470 | INFO | Progress: (85/260) | Database: normal | KDE model: t-student_cross_validate_df=4_loo
2026-04-07 05:48:41,340 | INFO | Progress: (86/260) | Database: normal | KDE model: t-student_cross_validate_df=5_loo
2026-04-07 05:48:43,058 | INFO | Progress: (87/260) | Database: normal | KDE model: gaussian_adaptive
2026-04-07 05:48:45,722 | INFO | Progress: (88/260) | Database: normal | KDE model: epanechnikov_adaptive
2026-04-07 05:48:47,825 | INFO | Progress: (89/260) | Database: normal | KDE model: t-student_adaptive_df=3
2026-04-07 05:48:50,086 | INFO | Progress: (90/260) | Database: normal | KDE model: t-student_adaptive_df=4
2026-04-07 05:48:52,264 | INFO | Progress: (91/260) | Database: normal | KDE model: t-student_adaptive_df=5
2026-04-07 05:48:54,166 | INFO | Progress: (92/260) | Database: normal | KDE model: gaussian_rot_robust
2026-04-07 05:48:56,204 | INFO | Progress: (93/260) | Database: normal | KDE model: gaussian_rot
2026-04-07 05:48:57,718 | INFO | Progress: (94/260) | Database: normal | KDE model: epanechnikov_rot_robust
2026-04-07 05:48:59,680 | INFO | Progress: (95/260) | Database: normal | KDE model: epanechnikov_rot
2026-04-07 05:49:01,635 | INFO | Progress: (96/260) | Database: normal | KDE model: gaussian_cross_validate_loo
2026-04-07 05:49:03,524 | INFO | Progress: (97/260) | Database: normal | KDE model: t-student_cross_validate_df=3_loo
2026-04-07 05:49:05,529 | INFO | Progress: (98/260) | Database: normal | KDE model: t-student_cross_validate_df=4_loo
2026-04-07 05:49:07,574 | INFO | Progress: (99/260) | Database: normal | KDE model: t-student_cross_validate_df=5_loo
2026-04-07 05:49:09,536 | INFO | Progress: (100/260) | Database: normal | KDE model: gaussian_adaptive
2026-04-07 05:49:12,810 | INFO | Progress: (101/260) | Database: normal | KDE model: epanechnikov_adaptive
2026-04-07 05:49:16,379 | INFO | Progress: (102/260) | Database: normal | KDE model: t-student_adaptive_df=3
2026-04-07 05:49:18,589 | INFO | Progress: (103/260) | Database: normal | KDE model: t-student_adaptive_df=4
2026-04-07 05:49:21,301 | INFO | Progress: (104/260) | Database: normal | KDE model: t-student_adaptive_df=5
2026-04-07 05:49:24,057 | INFO | Progress: (105/260) | Database: normal | KDE model: gaussian_rot_robust
2026-04-07 05:49:26,908 | INFO | Progress: (106/260) | Database: normal | KDE model: gaussian_rot
2026-04-07 05:49:30,134 | INFO | Progress: (107/260) | Database: normal | KDE model: epanechnikov_rot_robust
2026-04-07 05:49:33,311 | INFO | Progress: (108/260) | Database: normal | KDE model: epanechnikov_rot
2026-04-07 05:49:36,632 | INFO | Progress: (109/260) | Database: normal | KDE model: gaussian_cross_validate_loo
2026-04-07 05:49:39,353 | INFO | Progress: (110/260) | Database: normal | KDE model: t-student_cross_validate_df=3_loo
2026-04-07 05:49:42,822 | INFO | Progress: (111/260) | Database: normal | KDE model: t-student_cross_validate_df=4_loo
2026-04-07 05:49:45,808 | INFO | Progress: (112/260) | Database: normal | KDE model: t-student_cross_validate_df=5_loo
2026-04-07 05:49:48,528 | INFO | Progress: (113/260) | Database: normal | KDE model: gaussian_adaptive
2026-04-07 05:49:51,162 | INFO | Progress: (114/260) | Database: normal | KDE model: epanechnikov_adaptive
2026-04-07 05:49:53,379 | INFO | Progress: (115/260) | Database: normal | KDE model: t-student_adaptive_df=3
2026-04-07 05:49:56,878 | INFO | Progress: (116/260) | Database: normal | KDE model: t-student_adaptive_df=4
2026-04-07 05:49:59,629 | INFO | Progress: (117/260) | Database: normal | KDE model: t-student_adaptive_df=5
2026-04-07 05:50:03,106 | INFO | Progress: (118/260) | Database: normal | KDE model: gaussian_rot_robust
2026-04-07 05:50:04,739 | INFO | Progress: (119/260) | Database: normal | KDE model: gaussian_rot
2026-04-07 05:50:06,458 | INFO | Progress: (120/260) | Database: normal | KDE model: epanechnikov_rot_robust
2026-04-07 05:50:08,480 | INFO | Progress: (121/260) | Database: normal | KDE model: epanechnikov_rot
2026-04-07 05:50:09,665 | INFO | Progress: (122/260) | Database: normal | KDE model: gaussian_cross_validate_loo
2026-04-07 05:50:11,313 | INFO | Progress: (123/260) | Database: normal | KDE model: t-student_cross_validate_df=3_loo
2026-04-07 05:50:12,529 | INFO | Progress: (124/260) | Database: normal | KDE model: t-student_cross_validate_df=4_loo
2026-04-07 05:50:14,267 | INFO | Progress: (125/260) | Database: normal | KDE model: t-student_cross_validate_df=5_loo
2026-04-07 05:50:16,567 | INFO | Progress: (126/260) | Database: normal | KDE model: gaussian_adaptive
2026-04-07 05:50:18,555 | INFO | Progress: (127/260) | Database: normal | KDE model: epanechnikov_adaptive
2026-04-07 05:50:21,256 | INFO | Progress: (128/260) | Database: normal | KDE model: t-student_adaptive_df=3
2026-04-07 05:50:22,968 | INFO | Progress: (129/260) | Database: normal | KDE model: t-student_adaptive_df=4
2026-04-07 05:50:24,596 | INFO | Progress: (130/260) | Database: normal | KDE model: t-student_adaptive_df=5
2026-04-07 05:50:26,767 | INFO | Progress: (131/260) | Database: student | KDE model: gaussian_rot_robust
2026-04-07 05:50:29,089 | INFO | Progress: (132/260) | Database: student | KDE model: gaussian_rot
2026-04-07 05:50:30,578 | INFO | Progress: (133/260) | Database: student | KDE model: epanechnikov_rot_robust
2026-04-07 05:50:32,625 | INFO | Progress: (134/260) | Database: student | KDE model: epanechnikov_rot
2026-04-07 05:50:34,937 | INFO | Progress: (135/260) | Database: student | KDE model: gaussian_cross_validate_loo
2026-04-07 05:50:36,882 | INFO | Progress: (136/260) | Database: student | KDE model: t-student_cross_validate_df=3_loo
2026-04-07 05:50:38,883 | INFO | Progress: (137/260) | Database: student | KDE model: t-student_cross_validate_df=4_loo
2026-04-07 05:50:40,704 | INFO | Progress: (138/260) | Database: student | KDE model: t-student_cross_validate_df=5_loo
2026-04-07 05:50:42,785 | INFO | Progress: (139/260) | Database: student | KDE model: gaussian_adaptive
2026-04-07 05:50:44,954 | INFO | Progress: (140/260) | Database: student | KDE model: epanechnikov_adaptive
2026-04-07 05:50:47,234 | INFO | Progress: (141/260) | Database: student | KDE model: t-student_adaptive_df=3
2026-04-07 05:50:49,160 | INFO | Progress: (142/260) | Database: student | KDE model: t-student_adaptive_df=4
2026-04-07 05:50:51,453 | INFO | Progress: (143/260) | Database: student | KDE model: t-student_adaptive_df=5
2026-04-07 05:50:53,692 | INFO | Progress: (144/260) | Database: student | KDE model: gaussian_rot_robust
2026-04-07 05:50:55,914 | INFO | Progress: (145/260) | Database: student | KDE model: gaussian_rot
2026-04-07 05:50:57,725 | INFO | Progress: (146/260) | Database: student | KDE model: epanechnikov_rot_robust
2026-04-07 05:50:59,871 | INFO | Progress: (147/260) | Database: student | KDE model: epanechnikov_rot
2026-04-07 05:51:01,866 | INFO | Progress: (148/260) | Database: student | KDE model: gaussian_cross_validate_loo
2026-04-07 05:51:03,712 | INFO | Progress: (149/260) | Database: student | KDE model: t-student_cross_validate_df=3_loo
2026-04-07 05:51:05,724 | INFO | Progress: (150/260) | Database: student | KDE model: t-student_cross_validate_df=4_loo
2026-04-07 05:51:07,658 | INFO | Progress: (151/260) | Database: student | KDE model: t-student_cross_validate_df=5_loo
2026-04-07 05:51:09,465 | INFO | Progress: (152/260) | Database: student | KDE model: gaussian_adaptive
2026-04-07 05:51:11,606 | INFO | Progress: (153/260) | Database: student | KDE model: epanechnikov_adaptive
2026-04-07 05:51:13,770 | INFO | Progress: (154/260) | Database: student | KDE model: t-student_adaptive_df=3
2026-04-07 05:51:15,828 | INFO | Progress: (155/260) | Database: student | KDE model: t-student_adaptive_df=4
2026-04-07 05:51:17,840 | INFO | Progress: (156/260) | Database: student | KDE model: t-student_adaptive_df=5
2026-04-07 05:51:19,802 | INFO | Progress: (157/260) | Database: student | KDE model: gaussian_rot_robust
2026-04-07 05:51:21,791 | INFO | Progress: (158/260) | Database: student | KDE model: gaussian_rot
2026-04-07 05:51:24,230 | INFO | Progress: (159/260) | Database: student | KDE model: epanechnikov_rot_robust
2026-04-07 05:51:25,623 | INFO | Progress: (160/260) | Database: student | KDE model: epanechnikov_rot
2026-04-07 05:51:27,264 | INFO | Progress: (161/260) | Database: student | KDE model: gaussian_cross_validate_loo
2026-04-07 05:51:28,927 | INFO | Progress: (162/260) | Database: student | KDE model: t-student_cross_validate_df=3_loo
2026-04-07 05:51:31,419 | INFO | Progress: (163/260) | Database: student | KDE model: t-student_cross_validate_df=4_loo
2026-04-07 05:51:33,855 | INFO | Progress: (164/260) | Database: student | KDE model: t-student_cross_validate_df=5_loo
2026-04-07 05:51:36,383 | INFO | Progress: (165/260) | Database: student | KDE model: gaussian_adaptive
2026-04-07 05:51:38,311 | INFO | Progress: (166/260) | Database: student | KDE model: epanechnikov_adaptive
2026-04-07 05:51:40,318 | INFO | Progress: (167/260) | Database: student | KDE model: t-student_adaptive_df=3
2026-04-07 05:51:42,523 | INFO | Progress: (168/260) | Database: student | KDE model: t-student_adaptive_df=4
2026-04-07 05:51:44,067 | INFO | Progress: (169/260) | Database: student | KDE model: t-student_adaptive_df=5
2026-04-07 05:51:46,310 | INFO | Progress: (170/260) | Database: student | KDE model: gaussian_rot_robust
2026-04-07 05:51:48,734 | INFO | Progress: (171/260) | Database: student | KDE model: gaussian_rot
2026-04-07 05:51:50,888 | INFO | Progress: (172/260) | Database: student | KDE model: epanechnikov_rot_robust
2026-04-07 05:51:53,342 | INFO | Progress: (173/260) | Database: student | KDE model: epanechnikov_rot
2026-04-07 05:51:55,266 | INFO | Progress: (174/260) | Database: student | KDE model: gaussian_cross_validate_loo
2026-04-07 05:51:57,648 | INFO | Progress: (175/260) | Database: student | KDE model: t-student_cross_validate_df=3_loo
2026-04-07 05:51:59,313 | INFO | Progress: (176/260) | Database: student | KDE model: t-student_cross_validate_df=4_loo
2026-04-07 05:52:01,713 | INFO | Progress: (177/260) | Database: student | KDE model: t-student_cross_validate_df=5_loo
2026-04-07 05:52:04,038 | INFO | Progress: (178/260) | Database: student | KDE model: gaussian_adaptive
2026-04-07 05:52:06,004 | INFO | Progress: (179/260) | Database: student | KDE model: epanechnikov_adaptive
2026-04-07 05:52:08,619 | INFO | Progress: (180/260) | Database: student | KDE model: t-student_adaptive_df=3
2026-04-07 05:52:10,654 | INFO | Progress: (181/260) | Database: student | KDE model: t-student_adaptive_df=4
2026-04-07 05:52:13,138 | INFO | Progress: (182/260) | Database: student | KDE model: t-student_adaptive_df=5
2026-04-07 05:52:15,116 | INFO | Progress: (183/260) | Database: student | KDE model: gaussian_rot_robust
2026-04-07 05:52:17,121 | INFO | Progress: (184/260) | Database: student | KDE model: gaussian_rot
2026-04-07 05:52:19,246 | INFO | Progress: (185/260) | Database: student | KDE model: epanechnikov_rot_robust
2026-04-07 05:52:20,885 | INFO | Progress: (186/260) | Database: student | KDE model: epanechnikov_rot
2026-04-07 05:52:22,895 | INFO | Progress: (187/260) | Database: student | KDE model: gaussian_cross_validate_loo
2026-04-07 05:52:24,941 | INFO | Progress: (188/260) | Database: student | KDE model: t-student_cross_validate_df=3_loo
2026-04-07 05:52:27,154 | INFO | Progress: (189/260) | Database: student | KDE model: t-student_cross_validate_df=4_loo
2026-04-07 05:52:29,147 | INFO | Progress: (190/260) | Database: student | KDE model: t-student_cross_validate_df=5_loo
2026-04-07 05:52:30,937 | INFO | Progress: (191/260) | Database: student | KDE model: gaussian_adaptive
2026-04-07 05:52:33,052 | INFO | Progress: (192/260) | Database: student | KDE model: epanechnikov_adaptive
2026-04-07 05:52:35,274 | INFO | Progress: (193/260) | Database: student | KDE model: t-student_adaptive_df=3
2026-04-07 05:52:37,099 | INFO | Progress: (194/260) | Database: student | KDE model: t-student_adaptive_df=4
2026-04-07 05:52:39,015 | INFO | Progress: (195/260) | Database: student | KDE model: t-student_adaptive_df=5
2026-04-07 05:52:40,549 | INFO | Progress: (196/260) | Database: student | KDE model: gaussian_rot_robust
2026-04-07 05:52:42,254 | INFO | Progress: (197/260) | Database: student | KDE model: gaussian_rot
2026-04-07 05:52:43,988 | INFO | Progress: (198/260) | Database: student | KDE model: epanechnikov_rot_robust
2026-04-07 05:52:45,515 | INFO | Progress: (199/260) | Database: student | KDE model: epanechnikov_rot
2026-04-07 05:52:47,085 | INFO | Progress: (200/260) | Database: student | KDE model: gaussian_cross_validate_loo
2026-04-07 05:52:48,658 | INFO | Progress: (201/260) | Database: student | KDE model: t-student_cross_validate_df=3_loo
2026-04-07 05:52:50,060 | INFO | Progress: (202/260) | Database: student | KDE model: t-student_cross_validate_df=4_loo
2026-04-07 05:52:51,616 | INFO | Progress: (203/260) | Database: student | KDE model: t-student_cross_validate_df=5_loo
2026-04-07 05:52:52,943 | INFO | Progress: (204/260) | Database: student | KDE model: gaussian_adaptive
2026-04-07 05:52:54,919 | INFO | Progress: (205/260) | Database: student | KDE model: epanechnikov_adaptive
2026-04-07 05:52:56,995 | INFO | Progress: (206/260) | Database: student | KDE model: t-student_adaptive_df=3
2026-04-07 05:52:59,113 | INFO | Progress: (207/260) | Database: student | KDE model: t-student_adaptive_df=4
2026-04-07 05:53:01,186 | INFO | Progress: (208/260) | Database: student | KDE model: t-student_adaptive_df=5
2026-04-07 05:53:03,270 | INFO | Progress: (209/260) | Database: student | KDE model: gaussian_rot_robust
2026-04-07 05:53:04,618 | INFO | Progress: (210/260) | Database: student | KDE model: gaussian_rot
2026-04-07 05:53:06,072 | INFO | Progress: (211/260) | Database: student | KDE model: epanechnikov_rot_robust
2026-04-07 05:53:07,766 | INFO | Progress: (212/260) | Database: student | KDE model: epanechnikov_rot
2026-04-07 05:53:09,328 | INFO | Progress: (213/260) | Database: student | KDE model: gaussian_cross_validate_loo
2026-04-07 05:53:10,420 | INFO | Progress: (214/260) | Database: student | KDE model: t-student_cross_validate_df=3_loo
2026-04-07 05:53:11,683 | INFO | Progress: (215/260) | Database: student | KDE model: t-student_cross_validate_df=4_loo
2026-04-07 05:53:12,977 | INFO | Progress: (216/260) | Database: student | KDE model: t-student_cross_validate_df=5_loo
2026-04-07 05:53:14,182 | INFO | Progress: (217/260) | Database: student | KDE model: gaussian_adaptive
2026-04-07 05:53:15,262 | INFO | Progress: (218/260) | Database: student | KDE model: epanechnikov_adaptive
2026-04-07 05:53:16,732 | INFO | Progress: (219/260) | Database: student | KDE model: t-student_adaptive_df=3
2026-04-07 05:53:17,977 | INFO | Progress: (220/260) | Database: student | KDE model: t-student_adaptive_df=4
2026-04-07 05:53:19,553 | INFO | Progress: (221/260) | Database: student | KDE model: t-student_adaptive_df=5
2026-04-07 05:53:21,116 | INFO | Progress: (222/260) | Database: student | KDE model: gaussian_rot_robust
2026-04-07 05:53:23,839 | INFO | Progress: (223/260) | Database: student | KDE model: gaussian_rot
2026-04-07 05:53:26,393 | INFO | Progress: (224/260) | Database: student | KDE model: epanechnikov_rot_robust
2026-04-07 05:53:29,158 | INFO | Progress: (225/260) | Database: student | KDE model: epanechnikov_rot
2026-04-07 05:53:31,908 | INFO | Progress: (226/260) | Database: student | KDE model: gaussian_cross_validate_loo
2026-04-07 05:53:34,495 | INFO | Progress: (227/260) | Database: student | KDE model: t-student_cross_validate_df=3_loo
2026-04-07 05:53:37,524 | INFO | Progress: (228/260) | Database: student | KDE model: t-student_cross_validate_df=4_loo
2026-04-07 05:53:39,868 | INFO | Progress: (229/260) | Database: student | KDE model: t-student_cross_validate_df=5_loo
2026-04-07 05:53:42,141 | INFO | Progress: (230/260) | Database: student | KDE model: gaussian_adaptive
2026-04-07 05:53:45,526 | INFO | Progress: (231/260) | Database: student | KDE model: epanechnikov_adaptive
2026-04-07 05:53:47,947 | INFO | Progress: (232/260) | Database: student | KDE model: t-student_adaptive_df=3
2026-04-07 05:53:50,421 | INFO | Progress: (233/260) | Database: student | KDE model: t-student_adaptive_df=4
2026-04-07 05:53:52,770 | INFO | Progress: (234/260) | Database: student | KDE model: t-student_adaptive_df=5
2026-04-07 05:53:55,188 | INFO | Progress: (235/260) | Database: student | KDE model: gaussian_rot_robust
2026-04-07 05:53:57,207 | INFO | Progress: (236/260) | Database: student | KDE model: gaussian_rot
2026-04-07 05:53:58,932 | INFO | Progress: (237/260) | Database: student | KDE model: epanechnikov_rot_robust
2026-04-07 05:54:01,346 | INFO | Progress: (238/260) | Database: student | KDE model: epanechnikov_rot
2026-04-07 05:54:02,897 | INFO | Progress: (239/260) | Database: student | KDE model: gaussian_cross_validate_loo
2026-04-07 05:54:05,258 | INFO | Progress: (240/260) | Database: student | KDE model: t-student_cross_validate_df=3_loo
2026-04-07 05:54:07,693 | INFO | Progress: (241/260) | Database: student | KDE model: t-student_cross_validate_df=4_loo
2026-04-07 05:54:09,629 | INFO | Progress: (242/260) | Database: student | KDE model: t-student_cross_validate_df=5_loo
2026-04-07 05:54:12,238 | INFO | Progress: (243/260) | Database: student | KDE model: gaussian_adaptive
2026-04-07 05:54:14,198 | INFO | Progress: (244/260) | Database: student | KDE model: epanechnikov_adaptive
2026-04-07 05:54:15,932 | INFO | Progress: (245/260) | Database: student | KDE model: t-student_adaptive_df=3
2026-04-07 05:54:17,638 | INFO | Progress: (246/260) | Database: student | KDE model: t-student_adaptive_df=4
2026-04-07 05:54:19,856 | INFO | Progress: (247/260) | Database: student | KDE model: t-student_adaptive_df=5
2026-04-07 05:54:22,222 | INFO | Progress: (248/260) | Database: student | KDE model: gaussian_rot_robust
2026-04-07 05:54:24,981 | INFO | Progress: (249/260) | Database: student | KDE model: gaussian_rot
2026-04-07 05:54:27,640 | INFO | Progress: (250/260) | Database: student | KDE model: epanechnikov_rot_robust
2026-04-07 05:54:29,792 | INFO | Progress: (251/260) | Database: student | KDE model: epanechnikov_rot
2026-04-07 05:54:32,701 | INFO | Progress: (252/260) | Database: student | KDE model: gaussian_cross_validate_loo
2026-04-07 05:54:34,897 | INFO | Progress: (253/260) | Database: student | KDE model: t-student_cross_validate_df=3_loo
2026-04-07 05:54:38,071 | INFO | Progress: (254/260) | Database: student | KDE model: t-student_cross_validate_df=4_loo
2026-04-07 05:54:40,577 | INFO | Progress: (255/260) | Database: student | KDE model: t-student_cross_validate_df=5_loo
2026-04-07 05:54:42,669 | INFO | Progress: (256/260) | Database: student | KDE model: gaussian_adaptive
2026-04-07 05:54:44,404 | INFO | Progress: (257/260) | Database: student | KDE model: epanechnikov_adaptive
2026-04-07 05:54:48,167 | INFO | Progress: (258/260) | Database: student | KDE model: t-student_adaptive_df=3
2026-04-07 05:54:50,294 | INFO | Progress: (259/260) | Database: student | KDE model: t-student_adaptive_df=4
2026-04-07 05:54:52,926 | INFO | Progress: (260/260) | Database: student | KDE model: t-student_adaptive_df=5
